[    2042ms] [INFO] %cDownload the React DevTools for a better development experience: https://react.dev/link/react-devtools font-weight:bold @ http://localhost:3000/_next/static/chunks/node_modules_next_dist_1e8vcs8._.js:776
[    2058ms] [LOG] [HMR] connected @ http://localhost:3000/_next/static/chunks/node_modules_next_dist_1e8vcs8._.js:776
[  184159ms] [ERROR] %o

%s Error: Invalid src prop (https://pclbynlbbsiblrkhwtyp.supabase.co/storage/v1/object/public/product-images/0b3f5804-ee32-4b8c-8c29-1e28269604db/6a28be56-7696-4ce8-9152-11a1a1a314ec.png) on `next/image`, hostname "pclbynlbbsiblrkhwtyp.supabase.co" is not configured under images in your `next.config.js`
See more info: https://nextjs.org/docs/messages/next-image-unconfigured-host
    at defaultLoader (http://localhost:3000/_next/static/chunks/node_modules_0uwmsuk._.js:5742:49)
    at http://localhost:3000/_next/static/chunks/node_modules_0uwmsuk._.js:4793:39
    at Array.map (<anonymous>)
    at generateImgAttrs (http://localhost:3000/_next/static/chunks/node_modules_0uwmsuk._.js:4793:24)
    at getImgProps (http://localhost:3000/_next/static/chunks/node_modules_0uwmsuk._.js:5213:27)
    at http://localhost:3000/_next/static/chunks/node_modules_0uwmsuk._.js:2453:82
    at Object.react_stack_bottom_frame (http://localhost:3000/_next/static/chunks/node_modules_next_dist_compiled_react-dom_096_9a-._.js:14894:24)
    at renderWithHooks (http://localhost:3000/_next/static/chunks/node_modules_next_dist_compiled_react-dom_096_9a-._.js:4425:24)
    at updateForwardRef (http://localhost:3000/_next/static/chunks/node_modules_next_dist_compiled_react-dom_096_9a-._.js:5717:21)
    at beginWork (http://localhost:3000/_next/static/chunks/node_modules_next_dist_compiled_react-dom_096_9a-._.js:6498:46)
    at runWithFiberInDEV (http://localhost:3000/_next/static/chunks/node_modules_next_dist_compiled_react-dom_096_9a-._.js:761:74)
    at performUnitOfWork (http://localhost:3000/_next/static/chunks/node_modules_next_dist_compiled_react-dom_096_9a-._.js:9385:97)
    at workLoopSync (http://localhost:3000/_next/static/chunks/node_modules_next_dist_compiled_react-dom_096_9a-._.js:9279:40)
    at renderRootSync (http://localhost:3000/_next/static/chunks/node_modules_next_dist_compiled_react-dom_096_9a-._.js:9263:13)
    at performWorkOnRoot (http://localhost:3000/_next/static/chunks/node_modules_next_dist_compiled_react-dom_096_9a-._.js:8928:47)
    at performWorkOnRootViaSchedulerTask (http://localhost:3000/_next/static/chunks/node_modules_next_dist_compiled_react-dom_096_9a-._.js:10085:9)
    at MessagePort.performWorkUntilDeadline (http://localhost:3000/_next/static/chunks/node_modules_next_dist_compiled_1amofcm._.js:2647:64) The above error occurred in the <Unknown> component. It was handled by the <ErrorBoundaryHandler> error boundary. @ http://localhost:3000/_next/static/chunks/node_modules_next_dist_client_0_90u2t._.js:17451
[  184169ms] [ERROR] Storefront error boundary: Error: Invalid src prop (https://pclbynlbbsiblrkhwtyp.supabase.co/storage/v1/object/public/product-images/0b3f5804-ee32-4b8c-8c29-1e28269604db/6a28be56-7696-4ce8-9152-11a1a1a314ec.png) on `next/image`, hostname "pclbynlbbsiblrkhwtyp.supabase.co" is not configured under images in your `next.config.js`
See more info: https://nextjs.org/docs/messages/next-image-unconfigured-host
    at defaultLoader (http://localhost:3000/_next/static/chunks/node_modules_0uwmsuk._.js:5742:49)
    at http://localhost:3000/_next/static/chunks/node_modules_0uwmsuk._.js:4793:39
    at Array.map (<anonymous>)
    at generateImgAttrs (http://localhost:3000/_next/static/chunks/node_modules_0uwmsuk._.js:4793:24)
    at getImgProps (http://localhost:3000/_next/static/chunks/node_modules_0uwmsuk._.js:5213:27)
    at http://localhost:3000/_next/static/chunks/node_modules_0uwmsuk._.js:2453:82
    at Object.react_stack_bottom_frame (http://localhost:3000/_next/static/chunks/node_modules_next_dist_compiled_react-dom_096_9a-._.js:14894:24)
    at renderWithHooks (http://localhost:3000/_next/static/chunks/node_modules_next_dist_compiled_react-dom_096_9a-._.js:4425:24)
    at updateForwardRef (http://localhost:3000/_next/static/chunks/node_modules_next_dist_compiled_react-dom_096_9a-._.js:5717:21)
    at beginWork (http://localhost:3000/_next/static/chunks/node_modules_next_dist_compiled_react-dom_096_9a-._.js:6498:46)
    at runWithFiberInDEV (http://localhost:3000/_next/static/chunks/node_modules_next_dist_compiled_react-dom_096_9a-._.js:761:74)
    at performUnitOfWork (http://localhost:3000/_next/static/chunks/node_modules_next_dist_compiled_react-dom_096_9a-._.js:9385:97)
    at workLoopSync (http://localhost:3000/_next/static/chunks/node_modules_next_dist_compiled_react-dom_096_9a-._.js:9279:40)
    at renderRootSync (http://localhost:3000/_next/static/chunks/node_modules_next_dist_compiled_react-dom_096_9a-._.js:9263:13)
    at performWorkOnRoot (http://localhost:3000/_next/static/chunks/node_modules_next_dist_compiled_react-dom_096_9a-._.js:8928:47)
    at performWorkOnRootViaSchedulerTask (http://localhost:3000/_next/static/chunks/node_modules_next_dist_compiled_react-dom_096_9a-._.js:10085:9)
    at MessagePort.performWorkUntilDeadline (http://localhost:3000/_next/static/chunks/node_modules_next_dist_compiled_1amofcm._.js:2647:64) @ http://localhost:3000/_next/static/chunks/node_modules_next_dist_1e8vcs8._.js:1052
[  184170ms] [ERROR] Storefront error boundary: Error: Invalid src prop (https://pclbynlbbsiblrkhwtyp.supabase.co/storage/v1/object/public/product-images/0b3f5804-ee32-4b8c-8c29-1e28269604db/6a28be56-7696-4ce8-9152-11a1a1a314ec.png) on `next/image`, hostname "pclbynlbbsiblrkhwtyp.supabase.co" is not configured under images in your `next.config.js`
See more info: https://nextjs.org/docs/messages/next-image-unconfigured-host
    at defaultLoader (http://localhost:3000/_next/static/chunks/node_modules_0uwmsuk._.js:5742:49)
    at http://localhost:3000/_next/static/chunks/node_modules_0uwmsuk._.js:4793:39
    at Array.map (<anonymous>)
    at generateImgAttrs (http://localhost:3000/_next/static/chunks/node_modules_0uwmsuk._.js:4793:24)
    at getImgProps (http://localhost:3000/_next/static/chunks/node_modules_0uwmsuk._.js:5213:27)
    at http://localhost:3000/_next/static/chunks/node_modules_0uwmsuk._.js:2453:82
    at Object.react_stack_bottom_frame (http://localhost:3000/_next/static/chunks/node_modules_next_dist_compiled_react-dom_096_9a-._.js:14894:24)
    at renderWithHooks (http://localhost:3000/_next/static/chunks/node_modules_next_dist_compiled_react-dom_096_9a-._.js:4425:24)
    at updateForwardRef (http://localhost:3000/_next/static/chunks/node_modules_next_dist_compiled_react-dom_096_9a-._.js:5717:21)
    at beginWork (http://localhost:3000/_next/static/chunks/node_modules_next_dist_compiled_react-dom_096_9a-._.js:6498:46)
    at runWithFiberInDEV (http://localhost:3000/_next/static/chunks/node_modules_next_dist_compiled_react-dom_096_9a-._.js:761:74)
    at performUnitOfWork (http://localhost:3000/_next/static/chunks/node_modules_next_dist_compiled_react-dom_096_9a-._.js:9385:97)
    at workLoopSync (http://localhost:3000/_next/static/chunks/node_modules_next_dist_compiled_react-dom_096_9a-._.js:9279:40)
    at renderRootSync (http://localhost:3000/_next/static/chunks/node_modules_next_dist_compiled_react-dom_096_9a-._.js:9263:13)
    at performWorkOnRoot (http://localhost:3000/_next/static/chunks/node_modules_next_dist_compiled_react-dom_096_9a-._.js:8928:47)
    at performWorkOnRootViaSchedulerTask (http://localhost:3000/_next/static/chunks/node_modules_next_dist_compiled_react-dom_096_9a-._.js:10085:9)
    at MessagePort.performWorkUntilDeadline (http://localhost:3000/_next/static/chunks/node_modules_next_dist_compiled_1amofcm._.js:2647:64) @ http://localhost:3000/_next/static/chunks/node_modules_next_dist_1e8vcs8._.js:1052
[  208041ms] [LOG] [HMR] connected @ http://localhost:3000/_next/static/chunks/node_modules_next_dist_1e8vcs8._.js:776
[  210802ms] [INFO] %cDownload the React DevTools for a better development experience: https://react.dev/link/react-devtools font-weight:bold @ http://localhost:3000/_next/static/chunks/node_modules_next_dist_1e8vcs8._.js:776
[  210819ms] [LOG] [HMR] connected @ http://localhost:3000/_next/static/chunks/node_modules_next_dist_1e8vcs8._.js:776
